// Jest Snapshot v1, https://goo.gl/fbAQLP

exports[`The cart reducer should handle CART_REQUEST 1`] = `
Object {
  "data": undefined,
  "errors": undefined,
  "loading": false,
}
`;
